{
  "$schema": "http://json-schema.org/draft-04/schema#",
  "$ref": "#/definitions/root",
  "definitions": {
    "root": {
      "type": "number",
      "format": "double",
      "minimum": 2.0,
      "maximum": 7.0
    }
  }
}
