{
  "description": "An example response",
  "content": {
    "application/json": {
      "schema": {
        "type": "boolean"
      }
    }
  }
}
