{
  "swagger": "2.0",
  "info": {
    "title": "ACME Banking HTTP API",
    "version": "1.0"
  },
  "host": "acme-banking.com",
  "basePath": "/apis",
  "paths": {
    "/customers": {},
    "/customers/{customer_id}": {
      "get": {
        "description": "Returns Customer data",
        "consumes": [
          "application/json"
        ],
        "produces": [
          "application/json"
        ],
        "parameters": [
          {
            "name": "customer_id",
            "required": true,
            "in": "path",
            "type": "string"
          }
        ],
        "responses": {
          "200": {
            "description": "",
            "x-amf-mediaType": "application/json",
            "schema": {}
          }
        }
      },
      "delete": {
        "description": "Removes a Customer from the system",
        "consumes": [
          "application/json"
        ],
        "parameters": [
          {
            "name": "customer_id",
            "required": true,
            "in": "path",
            "type": "string"
          }
        ],
        "responses": {
          "200": {
            "description": ""
          }
        }
      }
    },
    "/customers/{customer_id}/accounts": {
      "get": {
        "description": "Returns a collection accounts",
        "consumes": [
          "application/json"
        ],
        "produces": [
          "application/json"
        ],
        "parameters": [
          {
            "name": "customer_id",
            "required": true,
            "in": "path",
            "type": "string"
          }
        ],
        "responses": {
          "200": {
            "description": "",
            "x-amf-mediaType": "application/json",
            "schema": {}
          }
        }
      }
    },
    "/customers/{customer_id}/cards": {
      "parameters": [
        {
          "name": "customer_id",
          "required": true,
          "in": "path",
          "type": "string"
        }
      ]
    },
    "/customers/{customer_id}/cards/debit": {
      "get": {
        "description": "Returns a collection of cards",
        "consumes": [
          "application/json"
        ],
        "produces": [
          "application/json"
        ],
        "parameters": [
          {
            "name": "customer_id",
            "required": true,
            "in": "path",
            "type": "string"
          }
        ],
        "responses": {
          "200": {
            "description": "",
            "x-amf-mediaType": "application/json",
            "schema": {}
          }
        }
      },
      "post": {
        "description": "Requests the creation of a new DebitCard",
        "consumes": [
          "application/json"
        ],
        "parameters": [
          {
            "name": "customer_id",
            "required": true,
            "in": "path",
            "type": "string"
          },
          {
            "x-amf-mediaType": "application/json",
            "in": "body",
            "name": "generated",
            "schema": {}
          }
        ],
        "responses": {
          "200": {
            "description": ""
          }
        }
      }
    }
  }
}
